Using device: cuda
Train pairs: 2880 | Val pairs: 320
Saved 320 held-out filenames to C:\Users\Mohammed\Desktop\image-restoration--main\src\..\outputs\val_filenames.txt
Adding 510 extra (synthetic) training pairs from C:\Users\Mohammed\Desktop\image-restoration--main\src\..\data\train\NoisyLR_synth
Model: nafnet | width=48 | Parameters: 15,855,649
Augmentation: True
Epoch   1/80 | train: 0.2611 | val: 0.1918 | lr: 0.000200
  -> best saved (val=0.1918)
Epoch   2/80 | train: 0.2000 | val: 0.1807 | lr: 0.000300
  -> best saved (val=0.1807)
Epoch   3/80 | train: 0.1884 | val: 0.1737 | lr: 0.000400
  -> best saved (val=0.1737)
Epoch   4/80 | train: 0.1720 | val: 0.1556 | lr: 0.000500
  -> best saved (val=0.1556)
Epoch   5/80 | train: 0.1586 | val: 0.1476 | lr: 0.000600
  -> best saved (val=0.1476)
Epoch   6/80 | train: 0.1489 | val: 0.1418 | lr: 0.000700
  -> best saved (val=0.1418)
Epoch   7/80 | train: 0.1412 | val: 0.1432 | lr: 0.000800
Epoch   8/80 | train: 0.1381 | val: 0.1297 | lr: 0.000900
  -> best saved (val=0.1297)
Epoch   9/80 | train: 0.1333 | val: 0.1235 | lr: 0.001000
  -> best saved (val=0.1235)
Epoch  10/80 | train: 0.1317 | val: 0.1226 | lr: 0.001000
  -> best saved (val=0.1226)
Epoch  11/80 | train: 0.1268 | val: 0.1200 | lr: 0.000999
  -> best saved (val=0.1200)
Epoch  12/80 | train: 0.1248 | val: 0.1193 | lr: 0.000998
  -> best saved (val=0.1193)
Using device: cuda
Train pairs: 2880 | Val pairs: 320
Resume: kept existing held-out split at C:\Users\Mohammed\Desktop\image-restoration--main\src\..\outputs\val_filenames.txt
Adding 510 extra (synthetic) training pairs from C:\Users\Mohammed\Desktop\image-restoration--main\src\..\data\train\NoisyLR_synth
Model: nafnet | width=48 | Parameters: 15,855,649
Augmentation: True
Resumed full training state from C:\Users\Mohammed\Desktop\image-restoration--main\src\..\outputs\model_nafnet_synth_v1.trainstate.pt (epoch 13, best_val=0.1193)
Epoch  13/80 | train: 0.1237 | val: 0.1181 | lr: 0.000995
  -> best saved (val=0.1181)
Epoch  14/80 | train: 0.1211 | val: 0.1150 | lr: 0.000992
  -> best saved (val=0.1150)
Epoch  15/80 | train: 0.1200 | val: 0.1155 | lr: 0.000987
Epoch  16/80 | train: 0.1185 | val: 0.1179 | lr: 0.000982
Epoch  17/80 | train: 0.1178 | val: 0.1137 | lr: 0.000976
  -> best saved (val=0.1137)
Epoch  18/80 | train: 0.1164 | val: 0.1117 | lr: 0.000968
  -> best saved (val=0.1117)
Epoch  19/80 | train: 0.1156 | val: 0.1106 | lr: 0.000960
  -> best saved (val=0.1106)
Epoch  20/80 | train: 0.1154 | val: 0.1109 | lr: 0.000950
Using device: cuda
Train pairs: 2880 | Val pairs: 320
Resume: kept existing held-out split at C:\Users\Mohammed\Desktop\image-restoration--main\src\..\outputs\val_filenames.txt
Adding 510 extra (synthetic) training pairs from C:\Users\Mohammed\Desktop\image-restoration--main\src\..\data\train\NoisyLR_synth
Model: nafnet | width=48 | Parameters: 15,855,649
Augmentation: True
Resumed full training state from C:\Users\Mohammed\Desktop\image-restoration--main\src\..\outputs\model_nafnet_synth_v1.trainstate.pt (epoch 21, best_val=0.1106)
Epoch  21/80 | train: 0.1137 | val: 0.1107 | lr: 0.000940
Epoch  22/80 | train: 0.1135 | val: 0.1085 | lr: 0.000929
  -> best saved (val=0.1085)
Epoch  23/80 | train: 0.1122 | val: 0.1054 | lr: 0.000917
  -> best saved (val=0.1054)
Epoch  24/80 | train: 0.1113 | val: 0.1121 | lr: 0.000905
Epoch  25/80 | train: 0.1115 | val: 0.1043 | lr: 0.000891
  -> best saved (val=0.1043)
Epoch  26/80 | train: 0.1095 | val: 0.1064 | lr: 0.000877
Epoch  27/80 | train: 0.1087 | val: 0.1070 | lr: 0.000861
Epoch  28/80 | train: 0.1092 | val: 0.1064 | lr: 0.000846
Epoch  29/80 | train: 0.1078 | val: 0.1025 | lr: 0.000829
  -> best saved (val=0.1025)
Epoch  30/80 | train: 0.1073 | val: 0.1038 | lr: 0.000812
Epoch  31/80 | train: 0.1067 | val: 0.1017 | lr: 0.000794
  -> best saved (val=0.1017)
Epoch  32/80 | train: 0.1064 | val: 0.1035 | lr: 0.000775
Epoch  33/80 | train: 0.1062 | val: 0.1024 | lr: 0.000756
Epoch  34/80 | train: 0.1047 | val: 0.0999 | lr: 0.000737
  -> best saved (val=0.0999)
Epoch  35/80 | train: 0.1034 | val: 0.0992 | lr: 0.000717
  -> best saved (val=0.0992)
Epoch  36/80 | train: 0.1036 | val: 0.1030 | lr: 0.000697
Epoch  37/80 | train: 0.1025 | val: 0.0987 | lr: 0.000676
  -> best saved (val=0.0987)
Epoch  38/80 | train: 0.1024 | val: 0.1016 | lr: 0.000655
Epoch  39/80 | train: 0.1015 | val: 0.0984 | lr: 0.000633
  -> best saved (val=0.0984)
Epoch  40/80 | train: 0.1007 | val: 0.0980 | lr: 0.000611
  -> best saved (val=0.0980)
Using device: cuda
Train pairs: 2880 | Val pairs: 320
Resume: kept existing held-out split at C:\Users\Mohammed\Desktop\image-restoration--main\src\..\outputs\val_filenames.txt
Adding 510 extra (synthetic) training pairs from C:\Users\Mohammed\Desktop\image-restoration--main\src\..\data\train\NoisyLR_synth
Model: nafnet | width=48 | Parameters: 15,855,649
Augmentation: True
Resumed full training state from C:\Users\Mohammed\Desktop\image-restoration--main\src\..\outputs\model_nafnet_synth_v1.trainstate.pt (epoch 41, best_val=0.0980)
Using device: cuda
Train pairs: 2880 | Val pairs: 320
Resume: kept existing held-out split at C:\Users\Mohammed\Desktop\image-restoration--main\src\..\outputs\val_filenames.txt
Adding 510 extra (synthetic) training pairs from C:\Users\Mohammed\Desktop\image-restoration--main\src\..\data\train\NoisyLR_synth
Model: nafnet | width=48 | Parameters: 15,855,649
Augmentation: True
Resumed full training state from C:\Users\Mohammed\Desktop\image-restoration--main\src\..\outputs\model_nafnet_synth_v1.trainstate.pt (epoch 41, best_val=0.0980)
Using device: cuda
Train pairs: 2880 | Val pairs: 320
Resume: kept existing held-out split at C:\Users\Mohammed\Desktop\image-restoration--main\src\..\outputs\val_filenames.txt
Adding 510 extra (synthetic) training pairs from C:\Users\Mohammed\Desktop\image-restoration--main\src\..\data\train\NoisyLR_synth
Model: nafnet | width=48 | Parameters: 15,855,649
Augmentation: True
Resumed full training state from C:\Users\Mohammed\Desktop\image-restoration--main\src\..\outputs\model_nafnet_synth_v1.trainstate.pt (epoch 41, best_val=0.0980)
Epoch  41/80 | train: 0.1002 | val: 0.0974 | lr: 0.000589
  -> best saved (val=0.0974)
Epoch  42/80 | train: 0.0997 | val: 0.0973 | lr: 0.000567
  -> best saved (val=0.0973)
Epoch  43/80 | train: 0.0994 | val: 0.0973 | lr: 0.000545
Epoch  44/80 | train: 0.0994 | val: 0.0957 | lr: 0.000522
  -> best saved (val=0.0957)
Epoch  45/80 | train: 0.0980 | val: 0.0965 | lr: 0.000500
Epoch  46/80 | train: 0.0978 | val: 0.0963 | lr: 0.000478
Epoch  47/80 | train: 0.0973 | val: 0.0961 | lr: 0.000455
Epoch  48/80 | train: 0.0969 | val: 0.0979 | lr: 0.000433
Using device: cuda
Train pairs: 2880 | Val pairs: 320
Resume: kept existing held-out split at C:\Users\Mohammed\Desktop\image-restoration--main\src\..\outputs\val_filenames.txt
Adding 2610 extra (synthetic) training pairs from C:\Users\Mohammed\Desktop\image-restoration--main\src\..\data\train\NoisyLR_synth
Model: nafnet | width=48 | Parameters: 15,855,649
Augmentation: True
Resumed full training state from C:\Users\Mohammed\Desktop\image-restoration--main\src\..\outputs\model_nafnet_synth_v1.trainstate.pt (epoch 49, best_val=0.0957)
Using device: cuda
Train pairs: 2880 | Val pairs: 320
Resume: kept existing held-out split at C:\Users\Mohammed\Desktop\image-restoration--main\src\..\outputs\val_filenames.txt
Adding 2610 extra (synthetic) training pairs from C:\Users\Mohammed\Desktop\image-restoration--main\src\..\data\train\NoisyLR_synth
Model: nafnet | width=48 | Parameters: 15,855,649
Augmentation: True
Resumed full training state from C:\Users\Mohammed\Desktop\image-restoration--main\src\..\outputs\model_nafnet_synth_v1.trainstate.pt (epoch 49, best_val=0.0957)
Epoch  49/80 | train: 0.1101 | val: 0.0973 | lr: 0.000411
Epoch  50/80 | train: 0.1082 | val: 0.0974 | lr: 0.000389
Epoch  51/80 | train: 0.1062 | val: 0.0978 | lr: 0.000367
Epoch  52/80 | train: 0.1047 | val: 0.0963 | lr: 0.000345
Epoch  53/80 | train: 0.1040 | val: 0.0953 | lr: 0.000324
  -> best saved (val=0.0953)
Epoch  54/80 | train: 0.1030 | val: 0.0956 | lr: 0.000303
Epoch  55/80 | train: 0.1034 | val: 0.0950 | lr: 0.000283
  -> best saved (val=0.0950)
Epoch  56/80 | train: 0.1022 | val: 0.0940 | lr: 0.000263
  -> best saved (val=0.0940)
Epoch  57/80 | train: 0.1014 | val: 0.0944 | lr: 0.000244
Epoch  58/80 | train: 0.1009 | val: 0.0946 | lr: 0.000225
Epoch  59/80 | train: 0.1001 | val: 0.0934 | lr: 0.000206
  -> best saved (val=0.0934)
Epoch  60/80 | train: 0.0997 | val: 0.0933 | lr: 0.000188
  -> best saved (val=0.0933)
Epoch  61/80 | train: 0.0992 | val: 0.0926 | lr: 0.000171
  -> best saved (val=0.0926)
Epoch  62/80 | train: 0.0986 | val: 0.0931 | lr: 0.000154
Epoch  63/80 | train: 0.0985 | val: 0.0929 | lr: 0.000139
Epoch  64/80 | train: 0.0980 | val: 0.0926 | lr: 0.000123
Epoch  65/80 | train: 0.0976 | val: 0.0923 | lr: 0.000109
  -> best saved (val=0.0923)
Epoch  66/80 | train: 0.0972 | val: 0.0924 | lr: 0.000095
Epoch  67/80 | train: 0.0968 | val: 0.0921 | lr: 0.000083
  -> best saved (val=0.0921)
Epoch  68/80 | train: 0.0965 | val: 0.0920 | lr: 0.000071
  -> best saved (val=0.0920)
Epoch  69/80 | train: 0.0962 | val: 0.0921 | lr: 0.000060
Epoch  70/80 | train: 0.0960 | val: 0.0921 | lr: 0.000050
Epoch  71/80 | train: 0.0958 | val: 0.0922 | lr: 0.000040
Epoch  72/80 | train: 0.0956 | val: 0.0919 | lr: 0.000032
  -> best saved (val=0.0919)
Epoch  73/80 | train: 0.0953 | val: 0.0920 | lr: 0.000024
Epoch  74/80 | train: 0.0952 | val: 0.0919 | lr: 0.000018
  -> best saved (val=0.0919)
Epoch  75/80 | train: 0.0951 | val: 0.0919 | lr: 0.000013
Epoch  76/80 | train: 0.0950 | val: 0.0919 | lr: 0.000008
  -> best saved (val=0.0919)
Epoch  77/80 | train: 0.0949 | val: 0.0919 | lr: 0.000005
  -> best saved (val=0.0919)
Epoch  78/80 | train: 0.0948 | val: 0.0919 | lr: 0.000002
  -> best saved (val=0.0919)
Epoch  79/80 | train: 0.0948 | val: 0.0919 | lr: 0.000001
Epoch  80/80 | train: 0.0948 | val: 0.0919 | lr: 0.000000
